>>> add_integer = __import__('0-add_integer').add_integer

test1 Int number:
>>> add_integer(2, 3)
5

test2 Int number:
>>> add_integer(1, 2)
3

test3 Int number:
>>> add_integer(2, 5)
7

test4 Float number:
>>> add_integer(2.0, 3)
5

test5 Float number:
>>> add_integer(2.5, 3.5)
6

test6 Float number:
>>> add_integer(1.5, 5.5)
7

test7 String Argument a:
>>> add_integer("3", 3)
Traceback (most recent call last):
TypeError: a must be an integer

test8 String Argument b:
>>> add_integer(3, "3")
Traceback (most recent call last):
TypeError: b must be an integer


